// Jest Snapshot v1, https://goo.gl/fbAQLP

exports[`App component renders App 1`] = `
<DocumentFragment>
  <img
    alt="loading spinner"
    src="https://powerusers.microsoft.com/t5/image/serverpage/image-id/118082i204C32E01666789C?v=v2"
  />
</DocumentFragment>
`;
